RAM Allocation [bytes]
Variable                                                                          Address   Size
------------------------------------------------------------------------------------------------
decades                                                                           0x01CD       5
tenths_tab                                                                        0x01D2      40
lcdbuffer                                                                         0x01FA      32
timer_highword                                                                    0x021A       2
measure_state                                                                     0x021C       1
set_admux                                                                         0x021D       1
menu_item                                                                         0x021E      12
calib                                                                             0x022A       8
calib_offset                                                                      0x0232      16
_base_y                                                                           0x0242       4

EEPROM Allocation [bytes]
Variable                                                                          Address   Size
------------------------------------------------------------------------------------------------

Register Allocation
Variable                                                                          Register  Size
------------------------------------------------------------------------------------------------
rangemode                                                                         R5           1
_lcd_x                                                                            R4           1
_lcd_y                                                                            R7           1
_lcd_maxx                                                                         R6           1

FLASH Allocation [words]
Function                                                                          Address   Size
------------------------------------------------------------------------------------------------
ana_comp_isr                                                                      0x000D2     28
timer1_ovf_isr                                                                    0x000EE     20
MUL_LONG_SHORT_S2                                                                 0x00102     37
eeprom_read                                                                       0x00127     17
eeprom_write                                                                      0x00138     13
lcd_string                                                                        0x00145     23
long2ascii                                                                        0x0015C     82
measure                                                                           0x001AE    138
calc_and_show                                                                     0x00238    130
calibrate_zero                                                                    0x002BA      8
calibrate                                                                         0x002C2     51
menu                                                                              0x002F5     38
init                                                                              0x0031B     17
main                                                                              0x0032C     88
_lcd_write_nibble_G100                                                            0x00384     15
_lcd_write_data                                                                   0x00393     12
lcd_gotoxy                                                                        0x0039F     13
lcd_clear                                                                         0x003AC     14
lcd_putchar                                                                       0x003BA     20
lcd_puts                                                                          0x003CE     16
lcd_init                                                                          0x003DE     41
eeprom_read_block                                                                 0x00407     17
eeprom_write_block                                                                0x00418     19
